// Jest Snapshot v1, https://goo.gl/fbAQLP

exports[`Room page tests snapshoting the render of component 1`] = `
<div
  className="room"
>
  <div
    className="d-flex justify-content-center pt-4"
  >
    <div
      className="d-flex flex-column"
    >
      <div
        className="playercard-wrapper "
      >
        <div
          className="playercard"
        >
          <div
            className="text-center playercard__header"
            style={
              Object {
                "background": "radial-gradient(black,#ff0000)",
                "color": "#ffffff",
              }
            }
          >
              points
          </div>
          <div
            className="playercard-border playercard-name pl-3"
          >
             
            (me)
          </div>
          <div
            className="d-flex"
          >
            <div
              className="playercard-border"
            >
              <img
                alt="userPhoto"
                src="http://localhost:7000/undefined"
              />
            </div>
            <div
              className="playercard-border"
            >
              <button
                className="btn btn-secondary btn-sm"
                disabled={false}
                type="button"
              >
                Action
              </button>
            </div>
          </div>
        </div>
      </div>
      <div
        className="playercard-wrapper "
      >
        <div
          className="playercard"
        >
          <div
            className="text-center playercard__header"
            style={
              Object {
                "background": "radial-gradient(black,#ff0000)",
                "color": "#ffffff",
              }
            }
          >
              points
          </div>
          <div
            className="playercard-border playercard-name pl-3"
          >
             
            
          </div>
          <div
            className="d-flex"
          >
            <div
              className="playercard-border"
            >
              <img
                alt="userPhoto"
                src="http://localhost:7000/undefined"
              />
            </div>
            <div
              className="playercard-border"
            >
              <button
                className="btn btn-secondary btn-sm"
                disabled={false}
                type="button"
              >
                Action
              </button>
            </div>
          </div>
        </div>
      </div>
    </div>
    <div
      className="d-flex flex-column"
    >
      <div
        className="players-mobile"
      >
        <div
          className="d-flex playercad-border--mobile align-items-center justify-content-around p-1 "
          style={
            Object {
              "backgroundImage": "url(/bar.jpg)",
              "backgroundRepeat": "no-repeat",
              "backgroundSize": "100% 100%",
            }
          }
        >
          <img
            alt="userPhoto"
            src="http://localhost:7000/undefined"
          />
          <div>
             
            (me)
          </div>
          <div>
              points
          </div>
          <div
            style={
              Object {
                "backgroundColor": "#ff0000",
                "border": "1px solid black",
                "height": "15px",
                "width": "15px",
              }
            }
          />
        </div>
        <div
          className="d-flex playercad-border--mobile align-items-center justify-content-around p-1 "
          style={
            Object {
              "backgroundImage": "url(/bar.jpg)",
              "backgroundRepeat": "no-repeat",
              "backgroundSize": "100% 100%",
            }
          }
        >
          <img
            alt="userPhoto"
            src="http://localhost:7000/undefined"
          />
          <div>
             
            
          </div>
          <div>
              points
          </div>
          <div
            style={
              Object {
                "backgroundColor": "#ff0000",
                "border": "1px solid black",
                "height": "15px",
                "width": "15px",
              }
            }
          />
        </div>
        <div
          className="d-flex playercad-border--mobile align-items-center justify-content-around p-1 "
          style={
            Object {
              "backgroundImage": "url(/bar.jpg)",
              "backgroundRepeat": "no-repeat",
              "backgroundSize": "100% 100%",
            }
          }
        >
          <img
            alt="userPhoto"
            src="http://localhost:7000/undefined"
          />
          <div>
             
            
          </div>
          <div>
              points
          </div>
          <div
            style={
              Object {
                "backgroundColor": "#ff0000",
                "border": "1px solid black",
                "height": "15px",
                "width": "15px",
              }
            }
          />
        </div>
      </div>
      <div
        className="field-wrapper"
      >
        <div
          className="d-flex justify-content-center board"
        >
          <div
            className="d-flex flex-column gameboard"
          >
            <div
              className="d-flex flex-row"
            >
              <div
                className="horiz-wrapper"
              >
                <button
                  aria-label="click stick"
                  className="horiz"
                  onClick={[Function]}
                  onMouseOut={[Function]}
                  onMouseOver={[Function]}
                  style={
                    Object {
                      "backgroundColor": "#ff0000",
                      "width": "15vw",
                    }
                  }
                  type="button"
                />
              </div>
              <div
                className="horiz-wrapper"
              >
                <button
                  aria-label="click stick"
                  className="horiz-last"
                  onClick={[Function]}
                  onMouseOut={[Function]}
                  onMouseOver={[Function]}
                  style={
                    Object {
                      "backgroundColor": "#ff0000",
                      "width": "15vw",
                    }
                  }
                  type="button"
                />
              </div>
            </div>
            <div
              className="d-flex flex-row"
            >
              <div
                className="d-flex flex-row"
              >
                <div
                  className="vert-wrapper"
                >
                  <button
                    aria-label="click stick"
                    className="vert"
                    onClick={[Function]}
                    onMouseOut={[Function]}
                    onMouseOver={[Function]}
                    style={
                      Object {
                        "backgroundColor": "#ff0000",
                        "height": "15vw",
                      }
                    }
                    type="button"
                  />
                </div>
                <div
                  className="box d-flex justify-content-center align-items-center"
                  style={
                    Object {
                      "backgroundPosition": "center",
                      "backgroundRepeat": "no-repeat",
                      "backgroundSize": "60%",
                      "height": "15vw",
                      "width": "15vw",
                    }
                  }
                >
                  <p
                    className="m-0 p-0"
                    style={
                      Object {
                        "color": "#fff",
                        "fontSize": "36px",
                        "position": "relative",
                      }
                    }
                  >
                    <span
                      className="box__letter"
                      style={
                        Object {
                          "fontSize": "7.5vw",
                        }
                      }
                    />
                  </p>
                </div>
              </div>
              <div
                className="d-flex flex-row"
              >
                <div
                  className="vert-wrapper"
                >
                  <button
                    aria-label="click stick"
                    className="vert"
                    onClick={[Function]}
                    onMouseOut={[Function]}
                    onMouseOver={[Function]}
                    style={
                      Object {
                        "backgroundColor": "#ff0000",
                        "height": "15vw",
                      }
                    }
                    type="button"
                  />
                </div>
                <div
                  className="box d-flex justify-content-center align-items-center"
                  style={
                    Object {
                      "backgroundPosition": "center",
                      "backgroundRepeat": "no-repeat",
                      "backgroundSize": "60%",
                      "height": "15vw",
                      "width": "15vw",
                    }
                  }
                >
                  <p
                    className="m-0 p-0"
                    style={
                      Object {
                        "color": "#fff",
                        "fontSize": "36px",
                        "position": "relative",
                      }
                    }
                  >
                    <span
                      className="box__letter"
                      style={
                        Object {
                          "fontSize": "7.5vw",
                        }
                      }
                    />
                  </p>
                </div>
              </div>
              <div
                className="vert-wrapper"
              >
                <button
                  aria-label="click stick"
                  className="vert"
                  onClick={[Function]}
                  onMouseOut={[Function]}
                  onMouseOver={[Function]}
                  style={
                    Object {
                      "backgroundColor": "#ff0000",
                      "height": "15vw",
                    }
                  }
                  type="button"
                />
              </div>
            </div>
            <div
              className="d-flex flex-row"
            >
              <div
                className="horiz-wrapper"
              >
                <button
                  aria-label="click stick"
                  className="horiz"
                  onClick={[Function]}
                  onMouseOut={[Function]}
                  onMouseOver={[Function]}
                  style={
                    Object {
                      "backgroundColor": "#ff0000",
                      "width": "15vw",
                    }
                  }
                  type="button"
                />
              </div>
              <div
                className="horiz-wrapper"
              >
                <button
                  aria-label="click stick"
                  className="horiz-last"
                  onClick={[Function]}
                  onMouseOut={[Function]}
                  onMouseOver={[Function]}
                  style={
                    Object {
                      "backgroundColor": "#ff0000",
                      "width": "15vw",
                    }
                  }
                  type="button"
                />
              </div>
            </div>
            <div
              className="d-flex flex-row"
            >
              <div
                className="d-flex flex-row"
              >
                <div
                  className="vert-wrapper"
                >
                  <button
                    aria-label="click stick"
                    className="vert"
                    onClick={[Function]}
                    onMouseOut={[Function]}
                    onMouseOver={[Function]}
                    style={
                      Object {
                        "backgroundColor": "#ff0000",
                        "height": "15vw",
                      }
                    }
                    type="button"
                  />
                </div>
                <div
                  className="box d-flex justify-content-center align-items-center"
                  style={
                    Object {
                      "backgroundPosition": "center",
                      "backgroundRepeat": "no-repeat",
                      "backgroundSize": "60%",
                      "height": "15vw",
                      "width": "15vw",
                    }
                  }
                >
                  <p
                    className="m-0 p-0"
                    style={
                      Object {
                        "color": "#fff",
                        "fontSize": "36px",
                        "position": "relative",
                      }
                    }
                  >
                    <span
                      className="box__letter"
                      style={
                        Object {
                          "fontSize": "7.5vw",
                        }
                      }
                    />
                  </p>
                </div>
              </div>
              <div
                className="d-flex flex-row"
              >
                <div
                  className="vert-wrapper"
                >
                  <button
                    aria-label="click stick"
                    className="vert"
                    onClick={[Function]}
                    onMouseOut={[Function]}
                    onMouseOver={[Function]}
                    style={
                      Object {
                        "backgroundColor": "#ff0000",
                        "height": "15vw",
                      }
                    }
                    type="button"
                  />
                </div>
                <div
                  className="box d-flex justify-content-center align-items-center"
                  style={
                    Object {
                      "backgroundPosition": "center",
                      "backgroundRepeat": "no-repeat",
                      "backgroundSize": "60%",
                      "height": "15vw",
                      "width": "15vw",
                    }
                  }
                >
                  <p
                    className="m-0 p-0"
                    style={
                      Object {
                        "color": "#fff",
                        "fontSize": "36px",
                        "position": "relative",
                      }
                    }
                  >
                    <span
                      className="box__letter"
                      style={
                        Object {
                          "fontSize": "7.5vw",
                        }
                      }
                    />
                  </p>
                </div>
              </div>
              <div
                className="vert-wrapper"
              >
                <button
                  aria-label="click stick"
                  className="vert"
                  onClick={[Function]}
                  onMouseOut={[Function]}
                  onMouseOver={[Function]}
                  style={
                    Object {
                      "backgroundColor": "#ff0000",
                      "height": "15vw",
                    }
                  }
                  type="button"
                />
              </div>
            </div>
            <div
              className="d-flex flex-row"
            >
              <div
                className="horiz-wrapper"
              >
                <button
                  aria-label="click stick"
                  className="horiz"
                  onClick={[Function]}
                  onMouseOut={[Function]}
                  onMouseOver={[Function]}
                  style={
                    Object {
                      "backgroundColor": "#ff0000",
                      "width": "15vw",
                    }
                  }
                  type="button"
                />
              </div>
              <div
                className="horiz-wrapper"
              >
                <button
                  aria-label="click stick"
                  className="horiz-last"
                  onClick={[Function]}
                  onMouseOut={[Function]}
                  onMouseOver={[Function]}
                  style={
                    Object {
                      "backgroundColor": "#ff0000",
                      "width": "15vw",
                    }
                  }
                  type="button"
                />
              </div>
            </div>
          </div>
        </div>
      </div>
      
      <div
        className="info text-center p-2"
      >
        Time left:
         
        0
      </div>
      
      
    </div>
    <div
      className="d-flex flex-column"
    >
      <div
        className="playercard-wrapper "
      >
        <div
          className="playercard"
        >
          <div
            className="text-center playercard__header"
            style={
              Object {
                "background": "radial-gradient(black,#ff0000)",
                "color": "#ffffff",
              }
            }
          >
              points
          </div>
          <div
            className="playercard-border playercard-name pl-3"
          >
             
            
          </div>
          <div
            className="d-flex"
          >
            <div
              className="playercard-border"
            >
              <img
                alt="userPhoto"
                src="http://localhost:7000/undefined"
              />
            </div>
            <div
              className="playercard-border"
            >
              <button
                className="btn btn-secondary btn-sm"
                disabled={false}
                type="button"
              >
                Action
              </button>
            </div>
          </div>
        </div>
      </div>
    </div>
  </div>
</div>
`;
